../Core/Src/main.c:80:5:main	144	static
../Core/Src/main.c:222:6:SystemClock_Config	88	static
../Core/Src/main.c:264:13:MX_I2C1_Init	8	static
../Core/Src/main.c:312:13:MX_TIM6_Init	16	static
../Core/Src/main.c:350:13:MX_USART1_UART_Init	8	static
../Core/Src/main.c:383:13:MX_GPIO_Init	40	static
../Core/Src/main.c:405:8:bme680I2cRead	32	static
../Core/Src/main.c:419:8:bme680I2cWrite	32	static
../Core/Src/main.c:438:13:UARTSendString	64	static
../Core/Src/main.c:449:6:uart_transmit	24	static
../Core/Src/main.c:460:6:Error_Handler	4	static,ignoring_inline_asm
